You didn't insert any[1m[31m valid package ID or the inserted one is not correct,(B[m do you want me to list all the  available package bundle ID's (y/n)? : [1m[34m0:(B[mai.akemi.appsyncunified
[1m[34m1:(B[mapplist
[1m[34m2:(B[mapt7
[1m[34m3:(B[mapt7-key
[1m[34m4:(B[mapt7-lib
[1m[34m5:(B[mbase
[1m[34m6:(B[mbash
[1m[34m7:(B[mberkeleydb
[1m[34m8:(B[mbzip2
[1m[34m9:(B[mcom.arichardson.weepreferenceloader
[1m[34m10:(B[mcom.chpwn.iconsupport
[1m[34m11:(B[mcom.chpwn.weeloader
[1m[34m12:(B[mcom.hackyouriphone.iconrepo
[1m[34m13:(B[mcom.ia.iconbounce
[1m[34m14:(B[mcom.ihacksrepo.reposetupfiles
[1m[34m15:(B[mcom.innoying.sbutils
[1m[34m16:(B[mcom.modmyi.fullscreenlockscreen
[1m[34m17:(B[mcom.modmyi.slidetounlockkiller
[1m[34m18:(B[mcom.officialscheduler.mterminal
[1m[34m19:(B[mcom.pathkiller.nccolors
[1m[34m20:(B[mcom.ravirajm.torch
[1m[34m21:(B[mcom.rpetrich.layersnapshotter
[1m[34m22:(B[mcom.saurik.afc2d
[1m[34m23:(B[mcom.saurik.patcyh
[1m[34m24:(B[mcom.saurik.substrate.safemode
[1m[34m25:(B[mcom.sull.repoicons
[1m[34m26:(B[mcom.tqm-mos.2x2foldericons
[1m[34m27:(B[mcom.tqm-mos.appstorefixios6
[1m[34m28:(B[mcom.tqm-mos.ayecon
[1m[34m29:(B[mcom.tqm-mos.barrel
[1m[34m30:(B[mcom.tqm-mos.batterydragon
[1m[34m31:(B[mcom.tqm-mos.blurriedncbackground
[1m[34m32:(B[mcom.tqm-mos.callrecorder
[1m[34m33:(B[mcom.tqm-mos.checkmatestore
[1m[34m34:(B[mcom.tqm-mos.cracktool
[1m[34m35:(B[mcom.tqm-mos.cracktool2
[1m[34m36:(B[mcom.tqm-mos.cydiahttpatch2
[1m[34m37:(B[mcom.tqm-mos.displaycandy
[1m[34m38:(B[mcom.tqm-mos.flipclockwidget
[1m[34m39:(B[mcom.tqm-mos.folderenhancer
[1m[34m40:(B[mcom.tqm-mos.fontchococooky
[1m[34m41:(B[mcom.tqm-mos.fontrixlove
[1m[34m42:(B[mcom.tqm-mos.iapfree
[1m[34m43:(B[mcom.tqm-mos.itunesstorex
[1m[34m44:(B[mcom.tqm-mos.ncsettings
[1m[34m45:(B[mcom.tqm-mos.stocksx
[1m[34m46:(B[mcom.tqm-mos.storesslffix
[1m[34m47:(B[mcom.tqm-mos.tubereplacer
[1m[34m48:(B[mcom.tqm-mos.weatherx
[1m[34m49:(B[mcom.tqm-mos.ytbnoad
[1m[34m50:(B[mcom.vsz.redeb
[1m[34m51:(B[mcoreutils
[1m[34m52:(B[mcoreutils-bin
[1m[34m53:(B[mcydia
[1m[34m54:(B[mcydia-lproj
[1m[34m55:(B[mdarwintools
[1m[34m56:(B[mdebianutils
[1m[34m57:(B[mdiffutils
[1m[34m58:(B[mdiskdev-cmds
[1m[34m59:(B[mdpkg
[1m[34m60:(B[messential
[1m[34m61:(B[mfindutils
[1m[34m62:(B[mfirmware
[1m[34m63:(B[mfirmware-sbin
[1m[34m64:(B[mgawk
[1m[34m65:(B[mgnupg
[1m[34m66:(B[mgrep
[1m[34m67:(B[mgsmicon
[1m[34m68:(B[mgzip
[1m[34m69:(B[mjp.ashikase.libcrashreport
[1m[34m70:(B[mjp.ashikase.libpackageinfo
[1m[34m71:(B[mjp.ashikase.libsymbolicate
[1m[34m72:(B[mjp.ashikase.symbolicate
[1m[34m73:(B[mldid
[1m[34m74:(B[mlzma
[1m[34m75:(B[mmobilesubstrate
[1m[34m76:(B[mncurses
[1m[34m77:(B[mopenssh
[1m[34m78:(B[mopenssl
[1m[34m79:(B[morg.neutronfile.icons
[1m[34m80:(B[morg.thebigboss.repo.icons
[1m[34m81:(B[mpam
[1m[34m82:(B[mpam-modules
[1m[34m83:(B[mpincrush
[1m[34m84:(B[mpreferenceloader
[1m[34m85:(B[mprofile.d
[1m[34m86:(B[mreadline
[1m[34m87:(B[msed
[1m[34m88:(B[mshell-cmds
[1m[34m89:(B[msystem-cmds
[1m[34m90:(B[mtar
[1m[34m91:(B[muikittools
[1m[34m92:(B[mvn.gsm.apploader
[1m[34m93:(B[mvn.gsm.aquaboard
[1m[34m94:(B[mvn.gsm.forecast
[1m[34m95:(B[mvn.gsm.speedintensifier
[1m[34m96:(B[mvn.gsm.springtomize2
[1m[34m97:(B[mvn.gsm.springtomize2-icons
[1m[34m98:(B[mvn.gsm.springtomize2-localizations
[1m[34m99:(B[mvn.gsm.zephyr
[1m[34m100:(B[mwinterboard
Please type in the line number of the package ID between 0 and 100 followed by Return key : You have selected : [1m[35mcom.tqm-mos.fontchococooky(B[m
Debs Folder detected...
mkdir: created directory `/private/var/mobile/Documents/Redeb/packages/com.tqm-mos.fontchococooky'
Creating directory for repackaging...
[1m[35mDone!  (B[m 

DEBIAN folder created
Control File is being created...
Control file created successfully
Building the whole pacage structure ...
[1m[35mDone!  (B[m 

Making some last checks if there is everything prepared for "redeb"
/private/var/mobile/Documents/Redeb/packages/com.tqm-mos.fontchococooky/DEBIAN detected...
Control file detected...
Building the package into com.tqm-mos.fontchococooky_1.0_iphoneos-arm.deb
dpkg-deb: building package 'com.tqm-mos.fontchococooky' in '/private/var/mobile/Documents/Redeb/debs/com.tqm-mos.fontchococooky_1.0_iphoneos-arm.deb'.
[1m[35mDone!  (B[m 

Checking results...
com.tqm-mos.fontchococooky_1.0_iphoneos-arm.deb is created, now cleaning the temp files...
[1m[35mDone!  (B[m 

Your new repackaged DEB file is located at /private/var/mobile/Documents/Redeb/debs/com.tqm-mos.fontchococooky_1.0_iphoneos-arm.deb
